Microchip MPLAB XC8 Compiler V2.50

Linker command line:

-W-3 --edf=/opt/microchip/xc8/v2.50/pic/dat/20240725155939_en.msgs -cn \
  -h+dist/default/production/PIC18VoltageSampler.X.production.sym \
  --cmf=dist/default/production/PIC18VoltageSampler.X.production.cmf -z \
  -Q18F14K50 -o/tmp/xcXgpAoaL/driver_tmp_3.o --defsym=__MPLAB_BUILD=1 \
  --fixupoverflow=error \
  -Mdist/default/production/PIC18VoltageSampler.X.production.map \
  --md=/tmp/xcXgpAoaL/driver_tmp_0.dat -E1 -ver=XC8 Compiler --acfsm=1493 \
  -ACODE=00h-03FFFh -ACONST=00h-03FFFh -ASMALLCONST=0300h-03FFhx61 \
  -AMEDIUMCONST=0300h-03FFFh -ACOMRAM=01h-05Fh -AABS1=00h-02FFh \
  -ABIGRAM=01h-02FFh -ARAM=060h-0FFh,0100h-01FFhx2 -ABANK0=060h-0FFh \
  -ABANK1=0100h-01FFh -ABANK2=0200h-02FFh -ASFR=0F53h-0F5Fh,0F60h-0FFFh \
  -ABIGSFR=0F53h-0FFFh -ACONFIG=0300000h-030000Dh -AIDLOC=0200000h-0200007h \
  -AEEDATA=0F00000h-0F000FFh -peeprom_data=EEDATA \
  -preset_vec=00h,intcode=8h,intcodelo,powerup,init -pramtop=0300h \
  -psmallconst=SMALLCONST -pmediumconst=MEDIUMCONST -pconst=CONST \
  -AFARRAM=00h-00h \
  -prdata=COMRAM,nvrram=COMRAM,nvbit=COMRAM,rbss=COMRAM,rbit=COMRAM \
  -pfarbss=FARRAM,fardata=FARRAM,nvFARRAM=FARRAM \
  -pintsave_regs=BIGRAM,bigbss=BIGRAM,bigdata=BIGRAM -pbss=RAM \
  -pidata=CODE,irdata=CODE,ibigdata=CODE,ifardata=CODE -prparam=COMRAM \
  /tmp/xcXgpAoaL/driver_tmp_14.o \
  dist/default/production/PIC18VoltageSampler.X.production.o 

Object code version is 3.11

Machine type is 18F14K50



                Name                               Link     Load   Length Selector   Space Scale
/tmp/xcXgpAoaL/driver_tmp_14.o
                config                           300000   300000        E        0       4
                init                                266      266        4        4       0
                reset_vec                             0        0        4        0       0
dist/default/production/PIC18VoltageSampler.X.production.o
                intcode                               8        8      25E        4       0
                config                           300000   300000        E        0       4
                temp                                 52       52        1        1       1
                smallconst                          300      300       20      180       0
                text58                             3E08     3E08       16      190       0
                text57                             3672     3672       7E      190       0
                text56                             3D90     3D90       26      190       0
                text55                             15F4     15F4      426      190       0
                text54                             3038     3038      106      190       0
                text53                             3766     3766       74      190       0
                text52                             38B2     38B2       64      190       0
                text51                             241E     241E      23C      190       0
                text50                             3314     3314       CA      190       0
                text49                             2D1C     2D1C      10E      190       0
                text48                             3978     3978       62      190       0
                text46                             3D0C     3D0C       38      190       0
                text45                             3E66     3E66       12      190       0
                text44                             3E54     3E54       12      190       0
                text43                             3E42     3E42       12      190       0
                text42                             3D6A     3D6A       26      190       0
                text41                             3E8A     3E8A        6      190       0
                text40                             3E84     3E84        6      190       0
                text39                             3B28     3B28       50      190       0
                text38                             3AD6     3AD6       52      190       0
                text37                             3DF0     3DF0       18      190       0
                text36                             35EE     35EE       84      190       0
                text35                             2A52     2A52      1B8      190       0
                text34                             3D44     3D44       26      190       0
                text33                             3E30     3E30       12      190       0
                text32                             11CC     11CC      428      190       0
                text31                             2E2A     2E2A      108      190       0
                text30                             36F0     36F0       76      190       0
                text29                             384C     384C       66      190       0
                text28                             21D0     21D0      24E      190       0
                text27                             3E78     3E78        C      190       0
                text26                             3DB6     3DB6       20      190       0
                text25                             3E1E     3E1E       12      190       0
                text24                             3DD6     3DD6       1A      190       0
                text23                             323E     323E       D6      190       0
                text22                             2C0A     2C0A      112      190       0
                text21                             3916     3916       62      190       0
                text20                             1E3E     1E3E      392      190       0
                text19                             349A     349A       AC      190       0
                text18                             2F32     2F32      106      190       0
                text17                             3CD2     3CD2       3A      190       0
                text16                              D14      D14      4B8      190       0
                text15                             3C0A     3C0A       48      190       0
                text14                             313E     313E      100      190       0
                text13                             265A     265A      216      190       0
                text12                             39DA     39DA       58      190       0
                text11                             3A84     3A84       52      190       0
                text10                             3E94     3E94        2      190       0
                text9                              33DE     33DE       BC      190       0
                text8                              3BC2     3BC2       48      190       0
                text7                              37DA     37DA       72      190       0
                text6                              3C96     3C96       3C      190       0
                text5                               320      320      9F4      190       0
                text4                              3546     3546       A8      190       0
                text3                              2870     2870      1E2      190       0
                text2                              3B78     3B78       4A      190       0
                text1                              3C52     3C52       44      190       0
                text0                              1A1A     1A1A      424      190       0
                cstackCOMRAM                          1        1       2B        1       1
                cstackBANK0                          60       60       84       60       1
                cstackBANK1                         150      150        C      100       1
                bssBANK1                            100      100       50      100       1
                bssBANK0                             E4       E4       1B       60       1
                dataCOMRAM                           4E       4E        4        1       1
                bssCOMRAM                            2C       2C       22        1       1
                cinit                              3A32     3A32       52      190       0
                idataCOMRAM                        3E90     3E90        4      190       0

TOTAL           Name                               Link     Load   Length     Space
        CLASS   CODE           
                intcode                               8        8      25E         0
                init                                266      266        4         0
                reset_vec                             0        0        4         0
                text58                             3E08     3E08       16         0
                text57                             3672     3672       7E         0
                text56                             3D90     3D90       26         0
                text55                             15F4     15F4      426         0
                text54                             3038     3038      106         0
                text53                             3766     3766       74         0
                text52                             38B2     38B2       64         0
                text51                             241E     241E      23C         0
                text50                             3314     3314       CA         0
                text49                             2D1C     2D1C      10E         0
                text48                             3978     3978       62         0
                text46                             3D0C     3D0C       38         0
                text45                             3E66     3E66       12         0
                text44                             3E54     3E54       12         0
                text43                             3E42     3E42       12         0
                text42                             3D6A     3D6A       26         0
                text41                             3E8A     3E8A        6         0
                text40                             3E84     3E84        6         0
                text39                             3B28     3B28       50         0
                text38                             3AD6     3AD6       52         0
                text37                             3DF0     3DF0       18         0
                text36                             35EE     35EE       84         0
                text35                             2A52     2A52      1B8         0
                text34                             3D44     3D44       26         0
                text33                             3E30     3E30       12         0
                text32                             11CC     11CC      428         0
                text31                             2E2A     2E2A      108         0
                text30                             36F0     36F0       76         0
                text29                             384C     384C       66         0
                text28                             21D0     21D0      24E         0
                text27                             3E78     3E78        C         0
                text26                             3DB6     3DB6       20         0
                text25                             3E1E     3E1E       12         0
                text24                             3DD6     3DD6       1A         0
                text23                             323E     323E       D6         0
                text22                             2C0A     2C0A      112         0
                text21                             3916     3916       62         0
                text20                             1E3E     1E3E      392         0
                text19                             349A     349A       AC         0
                text18                             2F32     2F32      106         0
                text17                             3CD2     3CD2       3A         0
                text16                              D14      D14      4B8         0
                text15                             3C0A     3C0A       48         0
                text14                             313E     313E      100         0
                text13                             265A     265A      216         0
                text12                             39DA     39DA       58         0
                text11                             3A84     3A84       52         0
                text10                             3E94     3E94        2         0
                text9                              33DE     33DE       BC         0
                text8                              3BC2     3BC2       48         0
                text7                              37DA     37DA       72         0
                text6                              3C96     3C96       3C         0
                text5                               320      320      9F4         0
                text4                              3546     3546       A8         0
                text3                              2870     2870      1E2         0
                text2                              3B78     3B78       4A         0
                text1                              3C52     3C52       44         0
                text0                              1A1A     1A1A      424         0
                cinit                              3A32     3A32       52         0
                idataCOMRAM                        3E90     3E90        4         0

        CLASS   CONST          

        CLASS   SMALLCONST     
                smallconst                          300      300       20         0

        CLASS   MEDIUMCONST    

        CLASS   COMRAM         
                temp                                 52       52        1         1
                cstackCOMRAM                          1        1       2B         1
                dataCOMRAM                           4E       4E        4         1
                bssCOMRAM                            2C       2C       22         1

        CLASS   ABS1           

        CLASS   BIGRAM         

        CLASS   RAM            

        CLASS   BANK0          
                cstackBANK0                          60       60       84         1
                bssBANK0                             E4       E4       1B         1

        CLASS   BANK1          
                cstackBANK1                         150      150        C         1
                bssBANK1                            100      100       50         1

        CLASS   BANK2          

        CLASS   SFR            

        CLASS   BIGSFR         

        CLASS   CONFIG         
                config                           300000   300000        E         4

        CLASS   IDLOC          

        CLASS   EEDATA         

        CLASS   FARRAM         

        CLASS   HEAP           

        CLASS   STACK          



SEGMENTS        Name                           Load    Length   Top    Selector   Space  Class

                cstackCOMRAM                   000001  000052  000053         1       1  COMRAM  
                reset_vec                      000000  000004  000004         0       0  CODE    
                cstackBANK0                    000060  00009F  0000FF        60       1  BANK0   
                text5                          000320  003B76  003E96       190       0  CODE    
                bssBANK1                       000100  00005C  00015C       100       1  BANK1   
                intcode                        000008  000262  00026A         4       0  CODE    
                smallconst                     000300  000020  000320       180       0  SMALLCON


UNUSED ADDRESS RANGES

        Name                Unused          Largest block    Delta
        BANK0            0000FF-0000FF                1
        BANK1            00015C-0001FF               A4
        BANK2            000200-0002FF              100
        BIGRAM           000053-00005F                D
                         0000FF-0000FF                1
                         00015C-0002FF              1A4
        BIGSFR           000F53-000FFF               AD
        CODE             000004-000007                4
                         00026A-0002FF               96
                         003E96-003FFF              16A
        COMRAM           000053-00005F                D
        CONST            000004-000007                4
                         00026A-0002FF               96
                         003E96-003FFF              16A
        EEDATA           F00000-F000FF              100
        IDLOC            200000-200007                8
        MEDIUMCONST      003E96-003FFF              16A
        RAM              0000FF-0000FF                1
                         00015C-0002FF               A4
        SFR              000F53-000FFF                D
        SMALLCONST       003E96-003FFF               6A

                                  Symbol Table

?___fladd                        cstackBANK0  000060
?___fldiv                        cstackBANK0  000060
?___flmul                        cstackBANK0  00006E
?___flneg                        cstackBANK0  000060
?___flsub                        cstackBANK0  000087
?___fltol                        cstackBANK0  000087
?___fpclassifyf                  cstackBANK0  000060
?___lwdiv                        cstackBANK0  000060
?___lwmod                        cstackBANK0  000060
?___xxtofl                       cstackBANK0  000060
?_floorf                         cstackBANK0  000079
?_labs                           cstackBANK0  000060
?_read_prec_or_width             cstackBANK0  000060
?_sprintf                        cstackBANK0  0000DA
?_vfprintf                       cstackBANK0  0000D4
?i2___flmul                      cstackCOMRAM 000001
?i2___fltol                      cstackCOMRAM 00001A
?i2___lwdiv                      cstackCOMRAM 000001
?i2___lwmod                      cstackCOMRAM 000001
EEPROMRead@address               cstackBANK0  000062
EEPROMRead@data                  cstackBANK0  000064
EEPROMWrite@address              cstackBANK0  000062
EEPROMWrite@data                 cstackBANK0  000064
EUSART_TransmitChar@data         cstackBANK0  000060
EUSART_TransmitString@a          cstackBANK0  000061
EUSART_TransmitString@i          cstackBANK0  000065
I2CRead@ack                      cstackBANK0  000060
I2CWrite@data                    cstackBANK0  000060
_ADCON0                          (abs)        000FC2
_ADCON0bits                      (abs)        000FC2
_ADCON1                          (abs)        000FC1
_ADCON2                          (abs)        000FC0
_ADRESH                          (abs)        000FC4
_ADRESL                          (abs)        000FC3
_ANSEL                           (abs)        000F7E
_ANSELbits                       (abs)        000F7E
_BAUDCONbits                     (abs)        000FB8
_EEPROMRead                      text39       003B28
_EEPROMWrite                     text38       003AD6
_EUSART_TransmitChar             text37       003DF0
_EUSART_TransmitString           text36       0035EE
_I2CRead                         text46       003D0C
_I2CRestart                      text45       003E66
_I2CStart                        text44       003E54
_I2CStop                         text43       003E42
_I2CWrite                        text42       003D6A
_INTCON2bits                     (abs)        000FF1
_INTCON3bits                     (abs)        000FF0
_INTCONbits                      (abs)        000FF2
_ISR                             intcode      000008
_LATAbits                        (abs)        000F89
_LATCbits                        (abs)        000F8B
_OSCCONbits                      (abs)        000FD3
_PIE1bits                        (abs)        000F9D
_PIR1bits                        (abs)        000F9E
_PORTCbits                       (abs)        000F82
_RCSTAbits                       (abs)        000FAB
_SPBRG                           (abs)        000FAF
_SSPADD                          (abs)        000FC8
_SSPBUF                          (abs)        000FC9
_SSPCON1                         (abs)        000FC6
_SSPCON2                         (abs)        000FC5
_SSPCON2bits                     (abs)        000FC5
_SSPSTAT                         (abs)        000FC7
_SSPSTATbits                     (abs)        000FC7
_T1CON                           (abs)        000FCD
_TMR1                            (abs)        000FCE
_TRISA                           (abs)        000F92
_TRISBbits                       (abs)        000F93
_TRISCbits                       (abs)        000F94
_TXREG                           (abs)        000FAD
_TXSTAbits                       (abs)        000FAC
__HRAM                           (abs)        000000
__H__absolute__                  __absolute__ 000000
__Habs1                          abs1         000000
__Hbank0                         bank0        000000
__Hbank1                         bank1        000000
__Hbank2                         bank2        000000
__Hbigbss                        bigbss       000000
__Hbigdata                       bigdata      000000
__Hbigram                        bigram       000000
__Hbigsfr                        bigsfr       000000
__Hbss                           bss          000000
__HbssBANK0                      bssBANK0     000000
__HbssBANK1                      bssBANK1     000000
__HbssCOMRAM                     bssCOMRAM    000000
__Hcinit                         cinit        000000
__Hclrtext                       clrtext      000000
__Hcomram                        comram       000000
__Hconfig                        config       30000E
__Hconst                         const        000000
__HcstackBANK0                   cstackBANK0  000000
__HcstackBANK1                   cstackBANK1  000000
__HcstackCOMRAM                  cstackCOMRAM 000000
__Hdata                          data         000000
__HdataCOMRAM                    dataCOMRAM   000000
__Heeprom_data                   eeprom_data  000000
__Hfarbss                        farbss       000000
__Hfardata                       fardata      000000
__Hheap                          heap         000000
__Hibigdata                      ibigdata     000000
__Hidata                         idata        000000
__HidataCOMRAM                   idataCOMRAM  000000
__Hidloc                         idloc        000000
__Hifardata                      ifardata     000000
__Hinit                          init         00026A
__Hintcode                       intcode      000266
__Hintcode_body                  intcode_body 000000
__Hintcodelo                     intcodelo    000266
__Hintentry                      intentry     000000
__Hintret                        intret       000000
__Hintsave_regs                  intsave_regs 000000
__Hirdata                        irdata       000000
__Hmediumconst                   mediumconst  000000
__HnvFARRAM                      nvFARRAM     000000
__Hnvbit                         nvbit        000000
__Hnvrram                        nvrram       000000
__Hparam                         rparam       000000
__Hpowerup                       powerup      000266
__Hram                           ram          000000
__Hramtop                        ramtop       000300
__Hrbit                          rbit         000000
__Hrbss                          rbss         000000
__Hrdata                         rdata        000000
__Hreset_vec                     reset_vec    000004
__Hrparam                        rparam       000000
__Hsfr                           sfr          000000
__Hsivt_hi                       sivt_hi      000000
__Hsivt_lo                       sivt_lo      000000
__Hsmallconst                    smallconst   000320
__Hspace_0                       (abs)        003E96
__Hspace_1                       (abs)        00015C
__Hspace_2                       (abs)        000000
__Hspace_4                       (abs)        60000E
__Hstack                         stack        000000
__Hstruct                        struct       000000
__Htemp                          temp         000053
__Htext                          text         000000
__Htext0                         text0        000000
__Htext1                         text1        000000
__Htext10                        text10       000000
__Htext11                        text11       000000
__Htext12                        text12       000000
__Htext13                        text13       000000
__Htext14                        text14       000000
__Htext15                        text15       000000
__Htext16                        text16       000000
__Htext17                        text17       000000
__Htext18                        text18       000000
__Htext19                        text19       000000
__Htext2                         text2        000000
__Htext20                        text20       000000
__Htext21                        text21       000000
__Htext22                        text22       000000
__Htext23                        text23       000000
__Htext24                        text24       000000
__Htext25                        text25       000000
__Htext26                        text26       000000
__Htext27                        text27       000000
__Htext28                        text28       000000
__Htext29                        text29       000000
__Htext3                         text3        000000
__Htext30                        text30       000000
__Htext31                        text31       000000
__Htext32                        text32       000000
__Htext33                        text33       000000
__Htext34                        text34       000000
__Htext35                        text35       000000
__Htext36                        text36       000000
__Htext37                        text37       000000
__Htext38                        text38       000000
__Htext39                        text39       000000
__Htext4                         text4        000000
__Htext40                        text40       000000
__Htext41                        text41       000000
__Htext42                        text42       000000
__Htext43                        text43       000000
__Htext44                        text44       000000
__Htext45                        text45       000000
__Htext46                        text46       000000
__Htext48                        text48       000000
__Htext49                        text49       000000
__Htext5                         text5        000000
__Htext50                        text50       000000
__Htext51                        text51       000000
__Htext52                        text52       000000
__Htext53                        text53       000000
__Htext54                        text54       000000
__Htext55                        text55       000000
__Htext56                        text56       000000
__Htext57                        text57       000000
__Htext58                        text58       000000
__Htext6                         text6        000000
__Htext7                         text7        000000
__Htext8                         text8        000000
__Htext9                         text9        000000
__LRAM                           (abs)        000001
__L__absolute__                  __absolute__ 000000
__Labs1                          abs1         000000
__Lbank0                         bank0        000000
__Lbank1                         bank1        000000
__Lbank2                         bank2        000000
__Lbigbss                        bigbss       000000
__Lbigdata                       bigdata      000000
__Lbigram                        bigram       000000
__Lbigsfr                        bigsfr       000000
__Lbss                           bss          000000
__LbssBANK0                      bssBANK0     000000
__LbssBANK1                      bssBANK1     000000
__LbssCOMRAM                     bssCOMRAM    000000
__Lcinit                         cinit        000000
__Lclrtext                       clrtext      000000
__Lcomram                        comram       000000
__Lconfig                        config       000000
__Lconst                         const        000000
__LcstackBANK0                   cstackBANK0  000000
__LcstackBANK1                   cstackBANK1  000000
__LcstackCOMRAM                  cstackCOMRAM 000000
__Ldata                          data         000000
__LdataCOMRAM                    dataCOMRAM   000000
__Leeprom_data                   eeprom_data  000000
__Lfarbss                        farbss       000000
__Lfardata                       fardata      000000
__Lheap                          heap         000000
__Libigdata                      ibigdata     000000
__Lidata                         idata        000000
__LidataCOMRAM                   idataCOMRAM  000000
__Lidloc                         idloc        000000
__Lifardata                      ifardata     000000
__Linit                          init         000266
__Lintcode                       intcode      000008
__Lintcode_body                  intcode_body 000000
__Lintcodelo                     intcodelo    000266
__Lintentry                      intentry     000000
__Lintret                        intret       000000
__Lintsave_regs                  intsave_regs 000000
__Lirdata                        irdata       000000
__Lmediumconst                   mediumconst  000000
__LnvFARRAM                      nvFARRAM     000000
__Lnvbit                         nvbit        000000
__Lnvrram                        nvrram       000000
__Lparam                         rparam       000000
__Lpowerup                       powerup      000266
__Lram                           ram          000000
__Lramtop                        ramtop       000300
__Lrbit                          rbit         000000
__Lrbss                          rbss         000000
__Lrdata                         rdata        000000
__Lreset_vec                     reset_vec    000000
__Lrparam                        rparam       000000
__Lsfr                           sfr          000000
__Lsivt_hi                       sivt_hi      000000
__Lsivt_lo                       sivt_lo      000000
__Lsmallconst                    smallconst   000300
__Lspace_0                       (abs)        000000
__Lspace_1                       (abs)        000000
__Lspace_2                       (abs)        000000
__Lspace_4                       (abs)        000000
__Lstack                         stack        000000
__Lstruct                        struct       000000
__Ltemp                          temp         000052
__Ltext                          text         000000
__Ltext0                         text0        000000
__Ltext1                         text1        000000
__Ltext10                        text10       000000
__Ltext11                        text11       000000
__Ltext12                        text12       000000
__Ltext13                        text13       000000
__Ltext14                        text14       000000
__Ltext15                        text15       000000
__Ltext16                        text16       000000
__Ltext17                        text17       000000
__Ltext18                        text18       000000
__Ltext19                        text19       000000
__Ltext2                         text2        000000
__Ltext20                        text20       000000
__Ltext21                        text21       000000
__Ltext22                        text22       000000
__Ltext23                        text23       000000
__Ltext24                        text24       000000
__Ltext25                        text25       000000
__Ltext26                        text26       000000
__Ltext27                        text27       000000
__Ltext28                        text28       000000
__Ltext29                        text29       000000
__Ltext3                         text3        000000
__Ltext30                        text30       000000
__Ltext31                        text31       000000
__Ltext32                        text32       000000
__Ltext33                        text33       000000
__Ltext34                        text34       000000
__Ltext35                        text35       000000
__Ltext36                        text36       000000
__Ltext37                        text37       000000
__Ltext38                        text38       000000
__Ltext39                        text39       000000
__Ltext4                         text4        000000
__Ltext40                        text40       000000
__Ltext41                        text41       000000
__Ltext42                        text42       000000
__Ltext43                        text43       000000
__Ltext44                        text44       000000
__Ltext45                        text45       000000
__Ltext46                        text46       000000
__Ltext48                        text48       000000
__Ltext49                        text49       000000
__Ltext5                         text5        000000
__Ltext50                        text50       000000
__Ltext51                        text51       000000
__Ltext52                        text52       000000
__Ltext53                        text53       000000
__Ltext54                        text54       000000
__Ltext55                        text55       000000
__Ltext56                        text56       000000
__Ltext57                        text57       000000
__Ltext58                        text58       000000
__Ltext6                         text6        000000
__Ltext7                         text7        000000
__Ltext8                         text8        000000
__Ltext9                         text9        000000
__S0                             (abs)        003E96
__S1                             (abs)        00015C
__S4                             (abs)        000000
__S5                             (abs)        000000
___fladd                         text16       000D14
___fladd@a                       cstackBANK0  000064
___fladd@aexp                    cstackBANK0  00006D
___fladd@b                       cstackBANK0  000060
___fladd@bexp                    cstackBANK0  00006E
___fladd@grs                     cstackBANK0  00006F
___fladd@signs                   cstackBANK0  00006C
___fldiv                         text20       001E3E
___fldiv@a                       cstackBANK0  000064
___fldiv@aexp                    cstackBANK0  000078
___fldiv@b                       cstackBANK0  000060
___fldiv@bexp                    cstackBANK0  000077
___fldiv@grs                     cstackBANK0  000073
___fldiv@new_exp                 cstackBANK0  000071
___fldiv@rem                     cstackBANK0  00006C
___fldiv@sign                    cstackBANK0  000070
___fleq                          text19       00349A
___fleq@ff1                      cstackBANK0  000060
___fleq@ff2                      cstackBANK0  000064
___flge                          text18       002F32
___flge@ff1                      cstackBANK0  000087
___flge@ff2                      cstackBANK0  00008B
___flmul                         text32       0011CC
___flmul@a                       cstackBANK0  000072
___flmul@aexp                    cstackBANK0  00007B
___flmul@b                       cstackBANK0  00006E
___flmul@bexp                    cstackBANK0  000080
___flmul@grs                     cstackBANK0  00007C
___flmul@prod                    cstackBANK0  000081
___flmul@sign                    cstackBANK0  00007A
___flmul@temp                    cstackBANK0  000085
___flneg                         text17       003CD2
___flneg@f1                      cstackBANK0  000060
___flsub                         text15       003C0A
___flsub@a                       cstackBANK0  00008B
___flsub@b                       cstackBANK0  000087
___fltol                         text31       002E2A
___fltol@exp1                    cstackBANK0  000090
___fltol@f1                      cstackBANK0  000087
___fltol@sign1                   cstackBANK0  00008F
___fpclassifyf                   text14       00313E
___fpclassifyf@F465              bssBANK0     0000E4
___fpclassifyf@e                 cstackBANK0  000068
___fpclassifyf@u                 cstackBANK0  00006A
___fpclassifyf@x                 cstackBANK0  000060
___heap_hi                       (abs)        000000
___heap_lo                       (abs)        000000
___inthi_sp                      stack        000000
___inthi_stack_hi                stack        000000
___inthi_stack_lo                stack        000000
___intlo_sp                      stack        000000
___intlo_stack_hi                stack        000000
___intlo_stack_lo                stack        000000
___lwdiv                         text30       0036F0
___lwdiv@counter                 cstackBANK0  000064
___lwdiv@dividend                cstackBANK0  000060
___lwdiv@divisor                 cstackBANK0  000062
___lwdiv@quotient                cstackBANK0  000065
___lwmod                         text29       00384C
___lwmod@counter                 cstackBANK0  000064
___lwmod@dividend                cstackBANK0  000060
___lwmod@divisor                 cstackBANK0  000062
___param_bank                    (abs)        000000
___rparam_used                   (abs)        000001
___sp                            stack        000000
___stack_hi                      stack        000000
___stack_lo                      stack        000000
___xxtofl                        text35       002A52
___xxtofl@arg                    cstackBANK0  00006A
___xxtofl@exp                    cstackBANK0  000069
___xxtofl@sign                   cstackBANK0  000068
___xxtofl@val                    cstackBANK0  000060
__accesstop                      (abs)        000060
__activetblptr                   (abs)        000002
__end_of_EEPROMRead              text39       003B78
__end_of_EEPROMWrite             text38       003B28
__end_of_EUSART_TransmitChar     text37       003E08
__end_of_EUSART_TransmitString   text36       003672
__end_of_I2CRead                 text46       003D44
__end_of_I2CRestart              text45       003E78
__end_of_I2CStart                text44       003E66
__end_of_I2CStop                 text43       003E54
__end_of_I2CWrite                text42       003D90
__end_of_ISR                     intcode      000266
__end_of___fladd                 text16       0011CC
__end_of___fldiv                 text20       0021D0
__end_of___fleq                  text19       003546
__end_of___flge                  text18       003038
__end_of___flmul                 text32       0015F4
__end_of___flneg                 text17       003D0C
__end_of___flsub                 text15       003C52
__end_of___fltol                 text31       002F32
__end_of___fpclassifyf           text14       00323E
__end_of___lwdiv                 text30       003766
__end_of___lwmod                 text29       0038B2
__end_of___xxtofl                text35       002C0A
__end_of__initialization         cinit        003A76
__end_of_adcSampling             text34       003D6A
__end_of_displayDigits           text23       003314
__end_of_efgtoa                  text5        000D14
__end_of_floorf                  text13       002870
__end_of_fputc                   text9        00349A
__end_of_fputs                   text8        003C0A
__end_of_get7SegmentPattern      text22       002D1C
__end_of_getHighByte             text41       003E90
__end_of_getLowByte              text40       003E8A
__end_of_labs                    text12       003A32
__end_of_main                    text0        001E3E
__end_of_memcpy                  text11       003AD6
__end_of_pad                     text7        00384C
__end_of_putch                   text10       003E96
__end_of_read_prec_or_width      text4        0035EE
__end_of_setButtonInterrupt      text33       003E42
__end_of_setDisplayDigits        text28       00241E
__end_of_setupADC                text27       003E84
__end_of_setupEUSART             text26       003DD6
__end_of_setupI2C                text25       003E30
__end_of_setupTimer1             text24       003DF0
__end_of_show7Segment            text21       003978
__end_of_sprintf                 text1        003C96
__end_of_strcpy                  text6        003CD2
__end_of_vfpfcnvrt               text3        002A52
__end_of_vfprintf                text2        003BC2
__end_ofi2_EUSART_TransmitChar   text58       003E1E
__end_ofi2_EUSART_TransmitString text57       0036F0
__end_ofi2___flmul               text55       001A1A
__end_ofi2___fltol               text54       00313E
__end_ofi2___lwdiv               text53       0037DA
__end_ofi2___lwmod               text52       003916
__end_ofi2_adcSampling           text56       003DB6
__end_ofi2_displayDigits         text50       0033DE
__end_ofi2_get7SegmentPattern    text49       002E2A
__end_ofi2_setDisplayDigits      text51       00265A
__end_ofi2_show7Segment          text48       0039DA
__initialization                 cinit        003A32
__mediumconst                    mediumconst  000000
__pbssBANK0                      bssBANK0     0000E4
__pbssBANK1                      bssBANK1     000100
__pbssCOMRAM                     bssCOMRAM    00002C
__pcinit                         cinit        003A32
__pcstackBANK0                   cstackBANK0  000060
__pcstackBANK1                   cstackBANK1  000150
__pcstackCOMRAM                  cstackCOMRAM 000001
__pdataCOMRAM                    dataCOMRAM   00004E
__pidataCOMRAM                   idataCOMRAM  003E90
__pintcode                       intcode      000008
__psmallconst                    smallconst   000300
__ptext0                         text0        001A1A
__ptext1                         text1        003C52
__ptext10                        text10       003E94
__ptext11                        text11       003A84
__ptext12                        text12       0039DA
__ptext13                        text13       00265A
__ptext14                        text14       00313E
__ptext15                        text15       003C0A
__ptext16                        text16       000D14
__ptext17                        text17       003CD2
__ptext18                        text18       002F32
__ptext19                        text19       00349A
__ptext2                         text2        003B78
__ptext20                        text20       001E3E
__ptext21                        text21       003916
__ptext22                        text22       002C0A
__ptext23                        text23       00323E
__ptext24                        text24       003DD6
__ptext25                        text25       003E1E
__ptext26                        text26       003DB6
__ptext27                        text27       003E78
__ptext28                        text28       0021D0
__ptext29                        text29       00384C
__ptext3                         text3        002870
__ptext30                        text30       0036F0
__ptext31                        text31       002E2A
__ptext32                        text32       0011CC
__ptext33                        text33       003E30
__ptext34                        text34       003D44
__ptext35                        text35       002A52
__ptext36                        text36       0035EE
__ptext37                        text37       003DF0
__ptext38                        text38       003AD6
__ptext39                        text39       003B28
__ptext4                         text4        003546
__ptext40                        text40       003E84
__ptext41                        text41       003E8A
__ptext42                        text42       003D6A
__ptext43                        text43       003E42
__ptext44                        text44       003E54
__ptext45                        text45       003E66
__ptext46                        text46       003D0C
__ptext48                        text48       003978
__ptext49                        text49       002D1C
__ptext5                         text5        000320
__ptext50                        text50       003314
__ptext51                        text51       00241E
__ptext52                        text52       0038B2
__ptext53                        text53       003766
__ptext54                        text54       003038
__ptext55                        text55       0015F4
__ptext56                        text56       003D90
__ptext57                        text57       003672
__ptext58                        text58       003E08
__ptext6                         text6        003C96
__ptext7                         text7        0037DA
__ptext8                         text8        003BC2
__ptext9                         text9        0033DE
__ramtop                         ramtop       000300
__smallconst                     smallconst   000300
_adcResult                       bssBANK0     0000F6
_adcSampling                     text34       003D44
_adc_step_size                   dataCOMRAM   00004E
_adc_voltage                     bssBANK0     0000E8
_address_high_byte               bssCOMRAM    000040
_address_index                   bssBANK0     0000F2
_address_low_byte                bssCOMRAM    000041
_button_counter                  bssCOMRAM    000030
_c_number                        bssCOMRAM    000032
_c_remainder                     bssCOMRAM    000034
_c_target                        bssCOMRAM    000036
_dbuf                            bssBANK1     000100
_displayAddress                  bssCOMRAM    000039
_displayDigit0                   bssCOMRAM    00003C
_displayDigit1                   bssCOMRAM    00003B
_displayDigit2                   bssCOMRAM    00003A
_displayDigits                   text23       00323E
_displaySample                   bssCOMRAM    000038
_eeprom_data                     bssBANK0     0000F4
_eeprom_data_ctl                 bssBANK0     0000FB
_eeprom_data_lsb                 bssBANK0     0000FD
_eeprom_data_msb                 bssBANK0     0000FC
_efgtoa                          text5        000320
_efgtoa$1752                     cstackBANK0  0000A2
_flags                           bssBANK0     0000F8
_floorf                          text13       00265A
_fputc                           text9        0033DE
_fputs                           text8        003BC2
_fsm_state                       bssBANK0     0000F9
_get7SegmentPattern              text22       002C0A
_getHighByte                     text41       003E8A
_getLowByte                      text40       003E84
_labs                            text12       0039DA
_main                            text0        001A1A
_main$2068                       cstackBANK0  0000E2
_main$2069                       cstackBANK0  0000E3
_memcpy                          text11       003A84
_overflowCount                   bssCOMRAM    000043
_pad                             text7        0037DA
_prec                            bssBANK0     0000EE
_putch                           text10       003E94
_read_prec_or_width              text4        003546
_received_data                   bssCOMRAM    000042
_sampling                        bssBANK0     0000FE
_segPattern0                     bssCOMRAM    00003F
_segPattern1                     bssCOMRAM    00003E
_segPattern2                     bssCOMRAM    00003D
_setButtonInterrupt              text33       003E30
_setDisplayDigits                text28       0021D0
_setupADC                        text27       003E78
_setupEUSART                     text26       003DB6
_setupI2C                        text25       003E1E
_setupTimer1                     text24       003DD6
_show7Segment                    text21       003916
_sprintf                         text1        003C52
_strcpy                          text6        003C96
_tmp_index                       bssBANK0     0000F0
_turnOnDisplay                   bssBANK0     0000FA
_uart_buffer                     bssCOMRAM    000044
_vfpfcnvrt                       text3        002870
_vfprintf                        text2        003B78
_width                           bssBANK0     0000EC
btemp                            temp         000052
displayDigits@digit0             cstackBANK0  000064
displayDigits@digit1             cstackBANK0  000060
displayDigits@digit2             cstackBANK0  000061
displayDigits@i                  cstackBANK0  000065
efgtoa@c                         cstackBANK0  000099
efgtoa@d                         cstackBANK0  0000A7
efgtoa@e                         cstackBANK0  0000AB
efgtoa@f                         cstackBANK0  000095
efgtoa@fp                        cstackBANK0  000093
efgtoa@g                         cstackBANK0  0000BE
efgtoa@h                         cstackBANK0  0000B5
efgtoa@i                         cstackBANK0  0000B3
efgtoa@l                         cstackBANK0  0000B9
efgtoa@m                         cstackBANK0  0000A9
efgtoa@mode                      cstackBANK0  0000A5
efgtoa@n                         cstackBANK0  0000C2
efgtoa@ne                        cstackBANK0  00009C
efgtoa@nmode                     cstackBANK0  0000A6
efgtoa@ou                        cstackBANK0  0000AF
efgtoa@p                         cstackBANK0  00009E
efgtoa@pp                        cstackBANK0  0000A4
efgtoa@sign                      cstackBANK0  0000BD
efgtoa@t                         cstackBANK0  0000A0
efgtoa@u                         cstackBANK0  0000C4
efgtoa@w                         cstackBANK0  0000AD
end_of_initialization            cinit        003A76
floorf@F521                      bssCOMRAM    00002C
floorf@e                         cstackBANK0  000087
floorf@m                         cstackBANK0  000083
floorf@u                         cstackBANK0  000089
floorf@x                         cstackBANK0  000079
fputc@c                          cstackBANK0  000060
fputc@fp                         cstackBANK0  000062
fputs@c                          cstackBANK0  00006D
fputs@fp                         cstackBANK0  00006B
fputs@i                          cstackBANK0  00006E
fputs@s                          cstackBANK0  000069
get7SegmentPattern@digit         cstackBANK0  000060
get7SegmentPattern@pattern       cstackBANK0  000061
getHighByte@number               cstackBANK0  000060
getLowByte@number                cstackBANK0  000060
i2EUSART_TransmitChar@data       cstackCOMRAM 000001
i2EUSART_TransmitString@a        cstackCOMRAM 000002
i2EUSART_TransmitString@i        cstackCOMRAM 000006
i2_EUSART_TransmitChar           text58       003E08
i2_EUSART_TransmitString         text57       003672
i2___flmul                       text55       0015F4
i2___flmul@a                     cstackCOMRAM 000005
i2___flmul@aexp                  cstackCOMRAM 000012
i2___flmul@b                     cstackCOMRAM 000001
i2___flmul@bexp                  cstackCOMRAM 000013
i2___flmul@grs                   cstackCOMRAM 00000E
i2___flmul@prod                  cstackCOMRAM 000014
i2___flmul@sign                  cstackCOMRAM 00000D
i2___flmul@temp                  cstackCOMRAM 000018
i2___fltol                       text54       003038
i2___fltol@exp1                  cstackCOMRAM 000023
i2___fltol@f1                    cstackCOMRAM 00001A
i2___fltol@sign1                 cstackCOMRAM 000022
i2___lwdiv                       text53       003766
i2___lwdiv@counter               cstackCOMRAM 000007
i2___lwdiv@dividend              cstackCOMRAM 000001
i2___lwdiv@divisor               cstackCOMRAM 000003
i2___lwdiv@quotient              cstackCOMRAM 000005
i2___lwmod                       text52       0038B2
i2___lwmod@counter               cstackCOMRAM 000005
i2___lwmod@dividend              cstackCOMRAM 000001
i2___lwmod@divisor               cstackCOMRAM 000003
i2_adcSampling                   text56       003D90
i2_displayDigits                 text50       003314
i2_get7SegmentPattern            text49       002D1C
i2_setDisplayDigits              text51       00241E
i2_show7Segment                  text48       003978
i2displayDigits@digit0           cstackCOMRAM 000005
i2displayDigits@digit1           cstackCOMRAM 000001
i2displayDigits@digit2           cstackCOMRAM 000002
i2displayDigits@i                cstackCOMRAM 000006
i2get7SegmentPattern@digit       cstackCOMRAM 000001
i2get7SegmentPattern@pattern     cstackCOMRAM 000002
int$flags                        temp         000052
intlevel0                        text         000000
intlevel1                        text         000000
intlevel2                        text         000000
intlevel3                        text         000000
isa$std                          (abs)        000001
isa$xinst                        (abs)        000000
labs@a                           cstackBANK0  000060
memcpy@d                         cstackBANK0  000067
memcpy@d1                        cstackBANK0  000060
memcpy@n                         cstackBANK0  000064
memcpy@s                         cstackBANK0  000069
memcpy@s1                        cstackBANK0  000062
memcpy@tmp                       cstackBANK0  000066
pad@buf                          cstackBANK0  000072
pad@fp                           cstackBANK0  000070
pad@i                            cstackBANK0  000077
pad@p                            cstackBANK0  000074
read_prec_or_width@ap            cstackBANK0  000061
read_prec_or_width@c             cstackBANK0  000065
read_prec_or_width@fmt           cstackBANK0  000060
read_prec_or_width@n             cstackBANK0  000066
sprintf@ap                       cstackBANK1  000150
sprintf@f                        cstackBANK1  000151
sprintf@fmt                      cstackBANK0  0000DB
sprintf@s                        cstackBANK0  0000DA
stackhi                          (abs)        000000
stacklo                          (abs)        000000
start                            init         000266
start_initialization             cinit        003A32
strcpy@d                         cstackBANK0  000064
strcpy@dest                      cstackBANK0  000060
strcpy@src                       cstackBANK0  000062
ttemp5                           temp         000053
ttemp6                           temp         000056
ttemp7                           temp         00005A
vfpfcnvrt@ap                     cstackBANK0  0000CB
vfpfcnvrt@c                      cstackBANK0  0000D2
vfpfcnvrt@convarg                cstackBANK0  0000CE
vfpfcnvrt@cp                     cstackBANK0  0000D3
vfpfcnvrt@fmt                    cstackBANK0  0000CA
vfpfcnvrt@fp                     cstackBANK0  0000C8
vfprintf@ap                      cstackBANK0  0000D7
vfprintf@cfmt                    cstackBANK0  0000D9
vfprintf@fmt                     cstackBANK0  0000D6
vfprintf@fp                      cstackBANK0  0000D4
wtemp8                           temp         000053


MODULE INFORMATION

Module		Function		Class		Link	Load	Size
/opt/microchip/xc8/v2.50/pic/sources/c99/common/xxtofl.c
		___xxtofl      		CODE           	2A52	0000	440

/opt/microchip/xc8/v2.50/pic/sources/c99/common/xxtofl.c estimated size: 440

/opt/microchip/xc8/v2.50/pic/sources/c99/common/__fpclassifyf.c
		___fpclassifyf 		CODE           	313E	0000	256

/opt/microchip/xc8/v2.50/pic/sources/c99/common/__fpclassifyf.c estimated size: 256

/opt/microchip/xc8/v2.50/pic/sources/c99/common/nf_fputc.c
		_fputc         		CODE           	33DE	0000	188

/opt/microchip/xc8/v2.50/pic/sources/c99/common/nf_fputc.c estimated size: 188

/opt/microchip/xc8/v2.50/pic/sources/c99/common/flneg.c
		___flneg       		CODE           	3CD2	0000	58

/opt/microchip/xc8/v2.50/pic/sources/c99/common/flneg.c estimated size: 58

/opt/microchip/xc8/v2.50/pic/sources/c99/common/doprnt.c
		_read_prec_or_width		CODE           	3546	0000	168
		_vfpfcnvrt     		CODE           	2870	0000	482
		_efgtoa        		CODE           	0320	0000	2548
		_pad           		CODE           	37DA	0000	114
		_vfprintf      		CODE           	3B78	0000	74

/opt/microchip/xc8/v2.50/pic/sources/c99/common/doprnt.c estimated size: 3386

/opt/microchip/xc8/v2.50/pic/sources/c99/common/nf_sprintf.c
		_sprintf       		CODE           	3C52	0000	68

/opt/microchip/xc8/v2.50/pic/sources/c99/common/nf_sprintf.c estimated size: 68

/opt/microchip/xc8/v2.50/pic/sources/c99/common/fleq.c
		___fleq        		CODE           	349A	0000	172

/opt/microchip/xc8/v2.50/pic/sources/c99/common/fleq.c estimated size: 172

/opt/microchip/xc8/v2.50/pic/sources/c99/common/sprcmul.c
		___flmul       		CODE           	11CC	0000	1064

/opt/microchip/xc8/v2.50/pic/sources/c99/common/sprcmul.c estimated size: 1064

/opt/microchip/xc8/v2.50/pic/sources/c99/common/sprcdiv.c
		___fldiv       		CODE           	1E3E	0000	914

/opt/microchip/xc8/v2.50/pic/sources/c99/common/sprcdiv.c estimated size: 914

/opt/microchip/xc8/v2.50/pic/sources/c99/common/lwmod.c
		___lwmod       		CODE           	384C	0000	102

/opt/microchip/xc8/v2.50/pic/sources/c99/common/lwmod.c estimated size: 102

/opt/microchip/xc8/v2.50/pic/sources/c99/common/memcpy.c
		_memcpy        		CODE           	3A84	0000	82

/opt/microchip/xc8/v2.50/pic/sources/c99/common/memcpy.c estimated size: 82

/opt/microchip/xc8/v2.50/pic/sources/c99/common/putch.c
		_putch         		CODE           	3E94	0000	2

/opt/microchip/xc8/v2.50/pic/sources/c99/common/putch.c estimated size: 2

shared
		i2_displayDigits		CODE           	3314	0000	202
		i2___lwdiv     		CODE           	3766	0000	116
		i2_EUSART_TransmitChar		CODE           	3E08	0000	22
		i2___lwmod     		CODE           	38B2	0000	100
		i2___fltol     		CODE           	3038	0000	262
		__initialization		CODE           	3A32	0000	68
		i2___flmul     		CODE           	15F4	0000	1062
		i2_get7SegmentPattern		CODE           	2D1C	0000	270
		i2_setDisplayDigits		CODE           	241E	0000	572
		i2_show7Segment		CODE           	3978	0000	98
		i2_EUSART_TransmitString		CODE           	3672	0000	126
		i2_adcSampling 		CODE           	3D90	0000	38

shared estimated size: 2936

/opt/microchip/xc8/v2.50/pic/sources/c99/common/labs.c
		_labs          		CODE           	39DA	0000	88

/opt/microchip/xc8/v2.50/pic/sources/c99/common/labs.c estimated size: 88

/opt/microchip/xc8/v2.50/pic/sources/c99/common/nf_fputs.c
		_fputs         		CODE           	3BC2	0000	72

/opt/microchip/xc8/v2.50/pic/sources/c99/common/nf_fputs.c estimated size: 72

/opt/microchip/xc8/v2.50/pic/sources/c99/common/floorf.c
		_floorf        		CODE           	265A	0000	534

/opt/microchip/xc8/v2.50/pic/sources/c99/common/floorf.c estimated size: 534

/opt/microchip/xc8/v2.50/pic/sources/c99/common/sprcadd.c
		___flsub       		CODE           	3C0A	0000	72
		___fladd       		CODE           	0D14	0000	1208

/opt/microchip/xc8/v2.50/pic/sources/c99/common/sprcadd.c estimated size: 1280

/opt/microchip/xc8/v2.50/pic/sources/c99/common/lwdiv.c
		___lwdiv       		CODE           	36F0	0000	118

/opt/microchip/xc8/v2.50/pic/sources/c99/common/lwdiv.c estimated size: 118

main.c
		_setupEUSART   		CODE           	3DB6	0000	32
		_show7Segment  		CODE           	3916	0000	98
		_I2CStop       		CODE           	3E42	0000	18
		_ISR           		CODE           	0008	0000	606
		_setDisplayDigits		CODE           	21D0	0000	590
		_EUSART_TransmitChar		CODE           	3DF0	0000	24
		_EEPROMRead    		CODE           	3B28	0000	80
		_main          		CODE           	1A1A	0000	1060
		_setupI2C      		CODE           	3E1E	0000	18
		_displayDigits 		CODE           	323E	0000	214
		_getLowByte    		CODE           	3E84	0000	6
		_I2CRead       		CODE           	3D0C	0000	56
		_EUSART_TransmitString		CODE           	35EE	0000	132
		_getHighByte   		CODE           	3E8A	0000	6
		_I2CRestart    		CODE           	3E66	0000	18
		_get7SegmentPattern		CODE           	2C0A	0000	274
		_I2CStart      		CODE           	3E54	0000	18
		_EEPROMWrite   		CODE           	3AD6	0000	82
		_I2CWrite      		CODE           	3D6A	0000	38
		_setButtonInterrupt		CODE           	3E30	0000	18
		_adcSampling   		CODE           	3D44	0000	38
		_setupADC      		CODE           	3E78	0000	12
		_setupTimer1   		CODE           	3DD6	0000	26

main.c estimated size: 3464

/opt/microchip/xc8/v2.50/pic/sources/c99/common/strcpy.c
		_strcpy        		CODE           	3C96	0000	60

/opt/microchip/xc8/v2.50/pic/sources/c99/common/strcpy.c estimated size: 60

/opt/microchip/xc8/v2.50/pic/sources/c99/common/flge.c
		___flge        		CODE           	2F32	0000	262

/opt/microchip/xc8/v2.50/pic/sources/c99/common/flge.c estimated size: 262

/opt/microchip/xc8/v2.50/pic/sources/c99/common/fltol.c
		___fltol       		CODE           	2E2A	0000	264

/opt/microchip/xc8/v2.50/pic/sources/c99/common/fltol.c estimated size: 264

