Microchip MPLAB XC8 Compiler V2.50

Linker command line:

-W-3 --edf=/opt/microchip/xc8/v2.50/pic/dat/20240725155939_en.msgs -cn \
  -h+.ca/dist/Config_1/production/PIC18VoltageSampler.X.production.sym \
  --cmf=.ca/dist/Config_1/production/PIC18VoltageSampler.X.production.cmf \
  -z -Q18F14K50 -o/tmp/xcXmkPOFJ/driver_tmp_3.o --defsym=__MPLAB_BUILD=1 \
  --fixupoverflow=error \
  -M.ca/dist/Config_1/production/PIC18VoltageSampler.X.production.map \
  --md=/tmp/xcXmkPOFJ/driver_tmp_0.dat -E1 -ver=XC8 Compiler --acfsm=1493 \
  -ACODE=00h-03FFFh -ACONST=00h-03FFFh -ASMALLCONST=0300h-03FFhx61 \
  -AMEDIUMCONST=0300h-03FFFh -ACOMRAM=01h-05Fh -AABS1=00h-02FFh \
  -ABIGRAM=01h-02FFh -ARAM=060h-0FFh,0100h-01FFhx2 -ABANK0=060h-0FFh \
  -ABANK1=0100h-01FFh -ABANK2=0200h-02FFh -ASFR=0F53h-0F5Fh,0F60h-0FFFh \
  -ABIGSFR=0F53h-0FFFh -ACONFIG=0300000h-030000Dh -AIDLOC=0200000h-0200007h \
  -AEEDATA=0F00000h-0F000FFh -peeprom_data=EEDATA \
  -preset_vec=00h,intcode=8h,intcodelo,powerup,init -pramtop=0300h \
  -psmallconst=SMALLCONST -pmediumconst=MEDIUMCONST -pconst=CONST \
  -AFARRAM=00h-00h \
  -prdata=COMRAM,nvrram=COMRAM,nvbit=COMRAM,rbss=COMRAM,rbit=COMRAM \
  -pfarbss=FARRAM,fardata=FARRAM,nvFARRAM=FARRAM \
  -pintsave_regs=BIGRAM,bigbss=BIGRAM,bigdata=BIGRAM -pbss=RAM \
  -pidata=CODE,irdata=CODE,ibigdata=CODE,ifardata=CODE -prparam=COMRAM \
  /tmp/xcXmkPOFJ/driver_tmp_14.o \
  .ca/dist/Config_1/production/PIC18VoltageSampler.X.production.o 

Object code version is 3.11

Machine type is 18F14K50



                Name                               Link     Load   Length Selector   Space Scale
/tmp/xcXmkPOFJ/driver_tmp_14.o
                config                           300000   300000        E        0       4
                init                                19E      19E        4        4       0
                reset_vec                             0        0        4        0       0
.ca/dist/Config_1/production/PIC18VoltageSampler.X.production.o
                intcode                               8        8      196        4       0
                config                           300000   300000        E        0       4
                temp                                 4E       4E        1        1       1
                smallconst                          300      300       20      180       0
                text58                             3204     3204        C      190       0
                text57                             2BAE     2BAE       72      190       0
                text56                             317E     317E       1C      190       0
                text55                             128A     128A      34E      190       0
                text54                             26BA     26BA       BA      190       0
                text53                             2D74     2D74       52      190       0
                text52                             3000     3000       42      190       0
                text51                             1D58     1D58      1DC      190       0
                text50                             2826     2826       B2      190       0
                text49                             28D8     28D8       AE      190       0
                text48                             2FBC     2FBC       44      190       0
                text46                             311E     311E       24      190       0
                text45                             3220     3220        8      190       0
                text44                             3218     3218        8      190       0
                text43                             3210     3210        8      190       0
                text42                             31D8     31D8       12      190       0
                text41                             322E     322E        6      190       0
                text40                             3228     3228        6      190       0
                text39                             2DC6     2DC6       50      190       0
                text38                             2D22     2D22       52      190       0
                text37                             31EA     31EA        E      190       0
                text36                             2B36     2B36       78      190       0
                text35                             225C     225C      144      190       0
                text34                             3162     3162       1C      190       0
                text33                             31C6     31C6       12      190       0
                text32                              F3A      F3A      350      190       0
                text31                             25FE     25FE       BC      190       0
                text30                             2C7C     2C7C       54      190       0
                text29                             2F78     2F78       44      190       0
                text28                             1B6A     1B6A      1EE      190       0
                text27                             31F8     31F8        C      190       0
                text26                             3142     3142       20      190       0
                text25                             31B4     31B4       12      190       0
                text24                             319A     319A       1A      190       0
                text23                             2540     2540       BE      190       0
                text22                             2774     2774       B2      190       0
                text21                             2F34     2F34       44      190       0
                text20                             18E2     18E2      288      190       0
                text19                             2AAA     2AAA       8C      190       0
                text18                             23A0     23A0       D2      190       0
                text17                             30EE     30EE       30      190       0
                text16                             15D8     15D8      30A      190       0
                text15                             2E62     2E62       48      190       0
                text14                             2472     2472       CE      190       0
                text13                             1F34     1F34      1BA      190       0
                text12                             2E16     2E16       4C      190       0
                text11                             2EAA     2EAA       46      190       0
                text10                             3238     3238        2      190       0
                text9                              2A18     2A18       92      190       0
                text8                              3080     3080       3C      190       0
                text7                              2C20     2C20       5C      190       0
                text6                              30BC     30BC       32      190       0
                text5                               320      320      884      190       0
                text4                              2986     2986       92      190       0
                text3                              20EE     20EE      16E      190       0
                text2                              3042     3042       3E      190       0
                text1                              2EF0     2EF0       44      190       0
                text0                               BA4      BA4      396      190       0
                cstackCOMRAM                          1        1       2B        1       1
                cstackBANK0                          60       60       82       60       1
                cstackBANK1                         150      150        E      100       1
                bssBANK1                            100      100       50      100       1
                bssBANK0                             E2       E2       1D       60       1
                dataCOMRAM                           4A       4A        4        1       1
                bssCOMRAM                            2C       2C       1E        1       1
                cinit                              2CD0     2CD0       52      190       0
                idataCOMRAM                        3234     3234        4      190       0

TOTAL           Name                               Link     Load   Length     Space
        CLASS   CODE           
                intcode                               8        8      196         0
                init                                19E      19E        4         0
                reset_vec                             0        0        4         0
                text58                             3204     3204        C         0
                text57                             2BAE     2BAE       72         0
                text56                             317E     317E       1C         0
                text55                             128A     128A      34E         0
                text54                             26BA     26BA       BA         0
                text53                             2D74     2D74       52         0
                text52                             3000     3000       42         0
                text51                             1D58     1D58      1DC         0
                text50                             2826     2826       B2         0
                text49                             28D8     28D8       AE         0
                text48                             2FBC     2FBC       44         0
                text46                             311E     311E       24         0
                text45                             3220     3220        8         0
                text44                             3218     3218        8         0
                text43                             3210     3210        8         0
                text42                             31D8     31D8       12         0
                text41                             322E     322E        6         0
                text40                             3228     3228        6         0
                text39                             2DC6     2DC6       50         0
                text38                             2D22     2D22       52         0
                text37                             31EA     31EA        E         0
                text36                             2B36     2B36       78         0
                text35                             225C     225C      144         0
                text34                             3162     3162       1C         0
                text33                             31C6     31C6       12         0
                text32                              F3A      F3A      350         0
                text31                             25FE     25FE       BC         0
                text30                             2C7C     2C7C       54         0
                text29                             2F78     2F78       44         0
                text28                             1B6A     1B6A      1EE         0
                text27                             31F8     31F8        C         0
                text26                             3142     3142       20         0
                text25                             31B4     31B4       12         0
                text24                             319A     319A       1A         0
                text23                             2540     2540       BE         0
                text22                             2774     2774       B2         0
                text21                             2F34     2F34       44         0
                text20                             18E2     18E2      288         0
                text19                             2AAA     2AAA       8C         0
                text18                             23A0     23A0       D2         0
                text17                             30EE     30EE       30         0
                text16                             15D8     15D8      30A         0
                text15                             2E62     2E62       48         0
                text14                             2472     2472       CE         0
                text13                             1F34     1F34      1BA         0
                text12                             2E16     2E16       4C         0
                text11                             2EAA     2EAA       46         0
                text10                             3238     3238        2         0
                text9                              2A18     2A18       92         0
                text8                              3080     3080       3C         0
                text7                              2C20     2C20       5C         0
                text6                              30BC     30BC       32         0
                text5                               320      320      884         0
                text4                              2986     2986       92         0
                text3                              20EE     20EE      16E         0
                text2                              3042     3042       3E         0
                text1                              2EF0     2EF0       44         0
                text0                               BA4      BA4      396         0
                cinit                              2CD0     2CD0       52         0
                idataCOMRAM                        3234     3234        4         0

        CLASS   CONST          

        CLASS   SMALLCONST     
                smallconst                          300      300       20         0

        CLASS   MEDIUMCONST    

        CLASS   COMRAM         
                temp                                 4E       4E        1         1
                cstackCOMRAM                          1        1       2B         1
                dataCOMRAM                           4A       4A        4         1
                bssCOMRAM                            2C       2C       1E         1

        CLASS   ABS1           

        CLASS   BIGRAM         

        CLASS   RAM            

        CLASS   BANK0          
                cstackBANK0                          60       60       82         1
                bssBANK0                             E2       E2       1D         1

        CLASS   BANK1          
                cstackBANK1                         150      150        E         1
                bssBANK1                            100      100       50         1

        CLASS   BANK2          

        CLASS   SFR            

        CLASS   BIGSFR         

        CLASS   CONFIG         
                config                           300000   300000        E         4

        CLASS   IDLOC          

        CLASS   EEDATA         

        CLASS   FARRAM         

        CLASS   HEAP           

        CLASS   STACK          



SEGMENTS        Name                           Load    Length   Top    Selector   Space  Class

                cstackCOMRAM                   000001  00004E  00004F         1       1  COMRAM  
                reset_vec                      000000  000004  000004         0       0  CODE    
                cstackBANK0                    000060  00009F  0000FF        60       1  BANK0   
                text5                          000320  002F1A  00323A       190       0  CODE    
                bssBANK1                       000100  00005E  00015E       100       1  BANK1   
                intcode                        000008  00019A  0001A2         4       0  CODE    
                smallconst                     000300  000020  000320       180       0  SMALLCON


UNUSED ADDRESS RANGES

        Name                Unused          Largest block    Delta
        BANK0            0000FF-0000FF                1
        BANK1            00015E-0001FF               A2
        BANK2            000200-0002FF              100
        BIGRAM           00004F-00005F               11
                         0000FF-0000FF                1
                         00015E-0002FF              1A2
        BIGSFR           000F53-000FFF               AD
        CODE             000004-000007                4
                         0001A2-0002FF              15E
                         00323A-003FFF              DC6
        COMRAM           00004F-00005F               11
        CONST            000004-000007                4
                         0001A2-0002FF              15E
                         00323A-003FFF              DC6
        EEDATA           F00000-F000FF              100
        IDLOC            200000-200007                8
        MEDIUMCONST      00323A-003FFF              DC6
        RAM              0000FF-0000FF                1
                         00015E-0002FF               A2
        SFR              000F53-000FFF                D
        SMALLCONST       00323A-003FFF              100

                                  Symbol Table

?___fladd                        cstackBANK0  000060
?___fldiv                        cstackBANK0  000060
?___flmul                        cstackBANK0  00006E
?___flneg                        cstackBANK0  000060
?___flsub                        cstackBANK0  000087
?___fltol                        cstackBANK0  000087
?___fpclassifyf                  cstackBANK0  000060
?___lwdiv                        cstackBANK0  000060
?___lwmod                        cstackBANK0  000060
?___xxtofl                       cstackBANK0  000060
?_floorf                         cstackBANK0  000079
?_labs                           cstackBANK0  000060
?_read_prec_or_width             cstackBANK0  000060
?_sprintf                        cstackBANK0  0000DA
?_vfprintf                       cstackBANK0  0000D4
?i2___flmul                      cstackCOMRAM 000001
?i2___fltol                      cstackCOMRAM 00001A
?i2___lwdiv                      cstackCOMRAM 000001
?i2___lwmod                      cstackCOMRAM 000001
EEPROMRead@address               cstackBANK0  000062
EEPROMRead@data                  cstackBANK0  000064
EEPROMWrite@address              cstackBANK0  000062
EEPROMWrite@data                 cstackBANK0  000064
EUSART_TransmitChar@data         cstackBANK0  000060
EUSART_TransmitString@a          cstackBANK0  000061
EUSART_TransmitString@i          cstackBANK0  000065
I2CRead@ack                      cstackBANK0  000060
I2CWrite@data                    cstackBANK0  000060
_ADCON0                          (abs)        000FC2
_ADCON0bits                      (abs)        000FC2
_ADCON1                          (abs)        000FC1
_ADCON2                          (abs)        000FC0
_ADRESH                          (abs)        000FC4
_ADRESL                          (abs)        000FC3
_ANSEL                           (abs)        000F7E
_ANSELbits                       (abs)        000F7E
_BAUDCONbits                     (abs)        000FB8
_EEPROMRead                      text39       002DC6
_EEPROMWrite                     text38       002D22
_EUSART_TransmitChar             text37       0031EA
_EUSART_TransmitString           text36       002B36
_I2CRead                         text46       00311E
_I2CRestart                      text45       003220
_I2CStart                        text44       003218
_I2CStop                         text43       003210
_I2CWrite                        text42       0031D8
_INTCON2bits                     (abs)        000FF1
_INTCON3bits                     (abs)        000FF0
_INTCONbits                      (abs)        000FF2
_ISR                             intcode      000008
_LATAbits                        (abs)        000F89
_LATCbits                        (abs)        000F8B
_OSCCONbits                      (abs)        000FD3
_PIE1bits                        (abs)        000F9D
_PIR1bits                        (abs)        000F9E
_PORTCbits                       (abs)        000F82
_RCSTAbits                       (abs)        000FAB
_SPBRG                           (abs)        000FAF
_SSPADD                          (abs)        000FC8
_SSPBUF                          (abs)        000FC9
_SSPCON1                         (abs)        000FC6
_SSPCON2                         (abs)        000FC5
_SSPCON2bits                     (abs)        000FC5
_SSPSTAT                         (abs)        000FC7
_SSPSTATbits                     (abs)        000FC7
_T1CON                           (abs)        000FCD
_TMR1                            (abs)        000FCE
_TRISA                           (abs)        000F92
_TRISBbits                       (abs)        000F93
_TRISCbits                       (abs)        000F94
_TXREG                           (abs)        000FAD
_TXSTAbits                       (abs)        000FAC
__HRAM                           (abs)        000000
__H__absolute__                  __absolute__ 000000
__Habs1                          abs1         000000
__Hbank0                         bank0        000000
__Hbank1                         bank1        000000
__Hbank2                         bank2        000000
__Hbigbss                        bigbss       000000
__Hbigdata                       bigdata      000000
__Hbigram                        bigram       000000
__Hbigsfr                        bigsfr       000000
__Hbss                           bss          000000
__HbssBANK0                      bssBANK0     000000
__HbssBANK1                      bssBANK1     000000
__HbssCOMRAM                     bssCOMRAM    000000
__Hcinit                         cinit        000000
__Hclrtext                       clrtext      000000
__Hcomram                        comram       000000
__Hconfig                        config       30000E
__Hconst                         const        000000
__HcstackBANK0                   cstackBANK0  000000
__HcstackBANK1                   cstackBANK1  000000
__HcstackCOMRAM                  cstackCOMRAM 000000
__Hdata                          data         000000
__HdataCOMRAM                    dataCOMRAM   000000
__Heeprom_data                   eeprom_data  000000
__Hfarbss                        farbss       000000
__Hfardata                       fardata      000000
__Hheap                          heap         000000
__Hibigdata                      ibigdata     000000
__Hidata                         idata        000000
__HidataCOMRAM                   idataCOMRAM  000000
__Hidloc                         idloc        000000
__Hifardata                      ifardata     000000
__Hinit                          init         0001A2
__Hintcode                       intcode      00019E
__Hintcode_body                  intcode_body 000000
__Hintcodelo                     intcodelo    00019E
__Hintentry                      intentry     000000
__Hintret                        intret       000000
__Hintsave_regs                  intsave_regs 000000
__Hirdata                        irdata       000000
__Hmediumconst                   mediumconst  000000
__HnvFARRAM                      nvFARRAM     000000
__Hnvbit                         nvbit        000000
__Hnvrram                        nvrram       000000
__Hparam                         rparam       000000
__Hpowerup                       powerup      00019E
__Hram                           ram          000000
__Hramtop                        ramtop       000300
__Hrbit                          rbit         000000
__Hrbss                          rbss         000000
__Hrdata                         rdata        000000
__Hreset_vec                     reset_vec    000004
__Hrparam                        rparam       000000
__Hsfr                           sfr          000000
__Hsivt_hi                       sivt_hi      000000
__Hsivt_lo                       sivt_lo      000000
__Hsmallconst                    smallconst   000320
__Hspace_0                       (abs)        00323A
__Hspace_1                       (abs)        00015E
__Hspace_2                       (abs)        000000
__Hspace_4                       (abs)        60000E
__Hstack                         stack        000000
__Hstruct                        struct       000000
__Htemp                          temp         00004F
__Htext                          text         000000
__Htext0                         text0        000000
__Htext1                         text1        000000
__Htext10                        text10       000000
__Htext11                        text11       000000
__Htext12                        text12       000000
__Htext13                        text13       000000
__Htext14                        text14       000000
__Htext15                        text15       000000
__Htext16                        text16       000000
__Htext17                        text17       000000
__Htext18                        text18       000000
__Htext19                        text19       000000
__Htext2                         text2        000000
__Htext20                        text20       000000
__Htext21                        text21       000000
__Htext22                        text22       000000
__Htext23                        text23       000000
__Htext24                        text24       000000
__Htext25                        text25       000000
__Htext26                        text26       000000
__Htext27                        text27       000000
__Htext28                        text28       000000
__Htext29                        text29       000000
__Htext3                         text3        000000
__Htext30                        text30       000000
__Htext31                        text31       000000
__Htext32                        text32       000000
__Htext33                        text33       000000
__Htext34                        text34       000000
__Htext35                        text35       000000
__Htext36                        text36       000000
__Htext37                        text37       000000
__Htext38                        text38       000000
__Htext39                        text39       000000
__Htext4                         text4        000000
__Htext40                        text40       000000
__Htext41                        text41       000000
__Htext42                        text42       000000
__Htext43                        text43       000000
__Htext44                        text44       000000
__Htext45                        text45       000000
__Htext46                        text46       000000
__Htext48                        text48       000000
__Htext49                        text49       000000
__Htext5                         text5        000000
__Htext50                        text50       000000
__Htext51                        text51       000000
__Htext52                        text52       000000
__Htext53                        text53       000000
__Htext54                        text54       000000
__Htext55                        text55       000000
__Htext56                        text56       000000
__Htext57                        text57       000000
__Htext58                        text58       000000
__Htext6                         text6        000000
__Htext7                         text7        000000
__Htext8                         text8        000000
__Htext9                         text9        000000
__LRAM                           (abs)        000001
__L__absolute__                  __absolute__ 000000
__Labs1                          abs1         000000
__Lbank0                         bank0        000000
__Lbank1                         bank1        000000
__Lbank2                         bank2        000000
__Lbigbss                        bigbss       000000
__Lbigdata                       bigdata      000000
__Lbigram                        bigram       000000
__Lbigsfr                        bigsfr       000000
__Lbss                           bss          000000
__LbssBANK0                      bssBANK0     000000
__LbssBANK1                      bssBANK1     000000
__LbssCOMRAM                     bssCOMRAM    000000
__Lcinit                         cinit        000000
__Lclrtext                       clrtext      000000
__Lcomram                        comram       000000
__Lconfig                        config       000000
__Lconst                         const        000000
__LcstackBANK0                   cstackBANK0  000000
__LcstackBANK1                   cstackBANK1  000000
__LcstackCOMRAM                  cstackCOMRAM 000000
__Ldata                          data         000000
__LdataCOMRAM                    dataCOMRAM   000000
__Leeprom_data                   eeprom_data  000000
__Lfarbss                        farbss       000000
__Lfardata                       fardata      000000
__Lheap                          heap         000000
__Libigdata                      ibigdata     000000
__Lidata                         idata        000000
__LidataCOMRAM                   idataCOMRAM  000000
__Lidloc                         idloc        000000
__Lifardata                      ifardata     000000
__Linit                          init         00019E
__Lintcode                       intcode      000008
__Lintcode_body                  intcode_body 000000
__Lintcodelo                     intcodelo    00019E
__Lintentry                      intentry     000000
__Lintret                        intret       000000
__Lintsave_regs                  intsave_regs 000000
__Lirdata                        irdata       000000
__Lmediumconst                   mediumconst  000000
__LnvFARRAM                      nvFARRAM     000000
__Lnvbit                         nvbit        000000
__Lnvrram                        nvrram       000000
__Lparam                         rparam       000000
__Lpowerup                       powerup      00019E
__Lram                           ram          000000
__Lramtop                        ramtop       000300
__Lrbit                          rbit         000000
__Lrbss                          rbss         000000
__Lrdata                         rdata        000000
__Lreset_vec                     reset_vec    000000
__Lrparam                        rparam       000000
__Lsfr                           sfr          000000
__Lsivt_hi                       sivt_hi      000000
__Lsivt_lo                       sivt_lo      000000
__Lsmallconst                    smallconst   000300
__Lspace_0                       (abs)        000000
__Lspace_1                       (abs)        000000
__Lspace_2                       (abs)        000000
__Lspace_4                       (abs)        000000
__Lstack                         stack        000000
__Lstruct                        struct       000000
__Ltemp                          temp         00004E
__Ltext                          text         000000
__Ltext0                         text0        000000
__Ltext1                         text1        000000
__Ltext10                        text10       000000
__Ltext11                        text11       000000
__Ltext12                        text12       000000
__Ltext13                        text13       000000
__Ltext14                        text14       000000
__Ltext15                        text15       000000
__Ltext16                        text16       000000
__Ltext17                        text17       000000
__Ltext18                        text18       000000
__Ltext19                        text19       000000
__Ltext2                         text2        000000
__Ltext20                        text20       000000
__Ltext21                        text21       000000
__Ltext22                        text22       000000
__Ltext23                        text23       000000
__Ltext24                        text24       000000
__Ltext25                        text25       000000
__Ltext26                        text26       000000
__Ltext27                        text27       000000
__Ltext28                        text28       000000
__Ltext29                        text29       000000
__Ltext3                         text3        000000
__Ltext30                        text30       000000
__Ltext31                        text31       000000
__Ltext32                        text32       000000
__Ltext33                        text33       000000
__Ltext34                        text34       000000
__Ltext35                        text35       000000
__Ltext36                        text36       000000
__Ltext37                        text37       000000
__Ltext38                        text38       000000
__Ltext39                        text39       000000
__Ltext4                         text4        000000
__Ltext40                        text40       000000
__Ltext41                        text41       000000
__Ltext42                        text42       000000
__Ltext43                        text43       000000
__Ltext44                        text44       000000
__Ltext45                        text45       000000
__Ltext46                        text46       000000
__Ltext48                        text48       000000
__Ltext49                        text49       000000
__Ltext5                         text5        000000
__Ltext50                        text50       000000
__Ltext51                        text51       000000
__Ltext52                        text52       000000
__Ltext53                        text53       000000
__Ltext54                        text54       000000
__Ltext55                        text55       000000
__Ltext56                        text56       000000
__Ltext57                        text57       000000
__Ltext58                        text58       000000
__Ltext6                         text6        000000
__Ltext7                         text7        000000
__Ltext8                         text8        000000
__Ltext9                         text9        000000
__S0                             (abs)        00323A
__S1                             (abs)        00015E
__S4                             (abs)        000000
__S5                             (abs)        000000
___fladd                         text16       0015D8
___fladd@a                       cstackBANK0  000064
___fladd@aexp                    cstackBANK0  00006D
___fladd@b                       cstackBANK0  000060
___fladd@bexp                    cstackBANK0  00006E
___fladd@grs                     cstackBANK0  00006F
___fladd@signs                   cstackBANK0  00006C
___fldiv                         text20       0018E2
___fldiv@a                       cstackBANK0  000064
___fldiv@aexp                    cstackBANK0  000078
___fldiv@b                       cstackBANK0  000060
___fldiv@bexp                    cstackBANK0  000077
___fldiv@grs                     cstackBANK0  000073
___fldiv@new_exp                 cstackBANK0  000071
___fldiv@rem                     cstackBANK0  00006C
___fldiv@sign                    cstackBANK0  000070
___fleq                          text19       002AAA
___fleq@ff1                      cstackBANK0  000060
___fleq@ff2                      cstackBANK0  000064
___flge                          text18       0023A0
___flge@ff1                      cstackBANK0  000087
___flge@ff2                      cstackBANK0  00008B
___flmul                         text32       000F3A
___flmul@a                       cstackBANK0  000072
___flmul@aexp                    cstackBANK0  00007B
___flmul@b                       cstackBANK0  00006E
___flmul@bexp                    cstackBANK0  00007C
___flmul@grs                     cstackBANK0  00007D
___flmul@prod                    cstackBANK0  000081
___flmul@sign                    cstackBANK0  00007A
___flmul@temp                    cstackBANK0  000085
___flneg                         text17       0030EE
___flneg@f1                      cstackBANK0  000060
___flsub                         text15       002E62
___flsub@a                       cstackBANK0  00008B
___flsub@b                       cstackBANK0  000087
___fltol                         text31       0025FE
___fltol@exp1                    cstackBANK0  000090
___fltol@f1                      cstackBANK0  000087
___fltol@sign1                   cstackBANK0  00008F
___fpclassifyf                   text14       002472
___fpclassifyf@F465              bssBANK0     0000E6
___fpclassifyf@e                 cstackBANK0  000068
___fpclassifyf@u                 cstackBANK0  00006A
___fpclassifyf@x                 cstackBANK0  000060
___heap_hi                       (abs)        000000
___heap_lo                       (abs)        000000
___inthi_sp                      stack        000000
___inthi_stack_hi                stack        000000
___inthi_stack_lo                stack        000000
___intlo_sp                      stack        000000
___intlo_stack_hi                stack        000000
___intlo_stack_lo                stack        000000
___lwdiv                         text30       002C7C
___lwdiv@counter                 cstackBANK0  000064
___lwdiv@dividend                cstackBANK0  000060
___lwdiv@divisor                 cstackBANK0  000062
___lwdiv@quotient                cstackBANK0  000065
___lwmod                         text29       002F78
___lwmod@counter                 cstackBANK0  000064
___lwmod@dividend                cstackBANK0  000060
___lwmod@divisor                 cstackBANK0  000062
___param_bank                    (abs)        000000
___rparam_used                   (abs)        000001
___sp                            stack        000000
___stack_hi                      stack        000000
___stack_lo                      stack        000000
___xxtofl                        text35       00225C
___xxtofl@arg                    cstackBANK0  00006A
___xxtofl@exp                    cstackBANK0  000069
___xxtofl@sign                   cstackBANK0  000068
___xxtofl@val                    cstackBANK0  000060
__accesstop                      (abs)        000060
__activetblptr                   (abs)        000002
__end_of_EEPROMRead              text39       002E16
__end_of_EEPROMWrite             text38       002D74
__end_of_EUSART_TransmitChar     text37       0031F8
__end_of_EUSART_TransmitString   text36       002BAE
__end_of_I2CRead                 text46       003142
__end_of_I2CRestart              text45       003228
__end_of_I2CStart                text44       003220
__end_of_I2CStop                 text43       003218
__end_of_I2CWrite                text42       0031EA
__end_of_ISR                     intcode      00019E
__end_of___fladd                 text16       0018E2
__end_of___fldiv                 text20       001B6A
__end_of___fleq                  text19       002B36
__end_of___flge                  text18       002472
__end_of___flmul                 text32       00128A
__end_of___flneg                 text17       00311E
__end_of___flsub                 text15       002EAA
__end_of___fltol                 text31       0026BA
__end_of___fpclassifyf           text14       002540
__end_of___lwdiv                 text30       002CD0
__end_of___lwmod                 text29       002FBC
__end_of___xxtofl                text35       0023A0
__end_of__initialization         cinit        002D14
__end_of_adcSampling             text34       00317E
__end_of_displayDigits           text23       0025FE
__end_of_efgtoa                  text5        000BA4
__end_of_floorf                  text13       0020EE
__end_of_fputc                   text9        002AAA
__end_of_fputs                   text8        0030BC
__end_of_get7SegmentPattern      text22       002826
__end_of_getHighByte             text41       003234
__end_of_getLowByte              text40       00322E
__end_of_labs                    text12       002E62
__end_of_main                    text0        000F3A
__end_of_memcpy                  text11       002EF0
__end_of_pad                     text7        002C7C
__end_of_putch                   text10       00323A
__end_of_read_prec_or_width      text4        002A18
__end_of_setButtonInterrupt      text33       0031D8
__end_of_setDisplayDigits        text28       001D58
__end_of_setupADC                text27       003204
__end_of_setupEUSART             text26       003162
__end_of_setupI2C                text25       0031C6
__end_of_setupTimer1             text24       0031B4
__end_of_show7Segment            text21       002F78
__end_of_sprintf                 text1        002F34
__end_of_strcpy                  text6        0030EE
__end_of_vfpfcnvrt               text3        00225C
__end_of_vfprintf                text2        003080
__end_ofi2_EUSART_TransmitChar   text58       003210
__end_ofi2_EUSART_TransmitString text57       002C20
__end_ofi2___flmul               text55       0015D8
__end_ofi2___fltol               text54       002774
__end_ofi2___lwdiv               text53       002DC6
__end_ofi2___lwmod               text52       003042
__end_ofi2_adcSampling           text56       00319A
__end_ofi2_displayDigits         text50       0028D8
__end_ofi2_get7SegmentPattern    text49       002986
__end_ofi2_setDisplayDigits      text51       001F34
__end_ofi2_show7Segment          text48       003000
__initialization                 cinit        002CD0
__mediumconst                    mediumconst  000000
__pbssBANK0                      bssBANK0     0000E2
__pbssBANK1                      bssBANK1     000100
__pbssCOMRAM                     bssCOMRAM    00002C
__pcinit                         cinit        002CD0
__pcstackBANK0                   cstackBANK0  000060
__pcstackBANK1                   cstackBANK1  000150
__pcstackCOMRAM                  cstackCOMRAM 000001
__pdataCOMRAM                    dataCOMRAM   00004A
__pidataCOMRAM                   idataCOMRAM  003234
__pintcode                       intcode      000008
__psmallconst                    smallconst   000300
__ptext0                         text0        000BA4
__ptext1                         text1        002EF0
__ptext10                        text10       003238
__ptext11                        text11       002EAA
__ptext12                        text12       002E16
__ptext13                        text13       001F34
__ptext14                        text14       002472
__ptext15                        text15       002E62
__ptext16                        text16       0015D8
__ptext17                        text17       0030EE
__ptext18                        text18       0023A0
__ptext19                        text19       002AAA
__ptext2                         text2        003042
__ptext20                        text20       0018E2
__ptext21                        text21       002F34
__ptext22                        text22       002774
__ptext23                        text23       002540
__ptext24                        text24       00319A
__ptext25                        text25       0031B4
__ptext26                        text26       003142
__ptext27                        text27       0031F8
__ptext28                        text28       001B6A
__ptext29                        text29       002F78
__ptext3                         text3        0020EE
__ptext30                        text30       002C7C
__ptext31                        text31       0025FE
__ptext32                        text32       000F3A
__ptext33                        text33       0031C6
__ptext34                        text34       003162
__ptext35                        text35       00225C
__ptext36                        text36       002B36
__ptext37                        text37       0031EA
__ptext38                        text38       002D22
__ptext39                        text39       002DC6
__ptext4                         text4        002986
__ptext40                        text40       003228
__ptext41                        text41       00322E
__ptext42                        text42       0031D8
__ptext43                        text43       003210
__ptext44                        text44       003218
__ptext45                        text45       003220
__ptext46                        text46       00311E
__ptext48                        text48       002FBC
__ptext49                        text49       0028D8
__ptext5                         text5        000320
__ptext50                        text50       002826
__ptext51                        text51       001D58
__ptext52                        text52       003000
__ptext53                        text53       002D74
__ptext54                        text54       0026BA
__ptext55                        text55       00128A
__ptext56                        text56       00317E
__ptext57                        text57       002BAE
__ptext58                        text58       003204
__ptext6                         text6        0030BC
__ptext7                         text7        002C20
__ptext8                         text8        003080
__ptext9                         text9        002A18
__ramtop                         ramtop       000300
__smallconst                     smallconst   000300
_adcResult                       bssBANK0     0000F6
_adcSampling                     text34       003162
_adc_step_size                   dataCOMRAM   00004A
_adc_voltage                     bssBANK0     0000EA
_address_high_byte               bssCOMRAM    00003C
_address_index                   bssBANK0     0000F2
_address_low_byte                bssCOMRAM    00003D
_button_counter                  bssCOMRAM    00002C
_c_number                        bssCOMRAM    00002E
_c_remainder                     bssCOMRAM    000030
_c_target                        bssCOMRAM    000032
_dbuf                            bssBANK1     000100
_displayAddress                  bssCOMRAM    000035
_displayDigit0                   bssCOMRAM    000038
_displayDigit1                   bssCOMRAM    000037
_displayDigit2                   bssCOMRAM    000036
_displayDigits                   text23       002540
_displaySample                   bssCOMRAM    000034
_eeprom_data                     bssBANK0     0000F4
_eeprom_data_ctl                 bssBANK0     0000FB
_eeprom_data_lsb                 bssBANK0     0000FD
_eeprom_data_msb                 bssBANK0     0000FC
_efgtoa                          text5        000320
_efgtoa$1751                     cstackBANK0  0000A2
_flags                           bssBANK0     0000F8
_floorf                          text13       001F34
_fputc                           text9        002A18
_fputs                           text8        003080
_fsm_state                       bssBANK0     0000F9
_get7SegmentPattern              text22       002774
_getHighByte                     text41       00322E
_getLowByte                      text40       003228
_labs                            text12       002E16
_main                            text0        000BA4
_main$2067                       cstackBANK1  00015C
_main$2068                       cstackBANK1  00015D
_memcpy                          text11       002EAA
_overflowCount                   bssCOMRAM    00003F
_pad                             text7        002C20
_prec                            bssBANK0     0000F0
_putch                           text10       003238
_read_prec_or_width              text4        002986
_received_data                   bssCOMRAM    00003E
_sampling                        bssBANK0     0000FE
_segPattern0                     bssCOMRAM    00003B
_segPattern1                     bssCOMRAM    00003A
_segPattern2                     bssCOMRAM    000039
_setButtonInterrupt              text33       0031C6
_setDisplayDigits                text28       001B6A
_setupADC                        text27       0031F8
_setupEUSART                     text26       003142
_setupI2C                        text25       0031B4
_setupTimer1                     text24       00319A
_show7Segment                    text21       002F34
_sprintf                         text1        002EF0
_strcpy                          text6        0030BC
_turnOnDisplay                   bssBANK0     0000FA
_uart_buffer                     bssCOMRAM    000040
_vfpfcnvrt                       text3        0020EE
_vfprintf                        text2        003042
_width                           bssBANK0     0000EE
btemp                            temp         00004E
displayDigits@digit0             cstackBANK0  000064
displayDigits@digit1             cstackBANK0  000060
displayDigits@digit2             cstackBANK0  000061
displayDigits@i                  cstackBANK0  000065
efgtoa@c                         cstackBANK0  000099
efgtoa@d                         cstackBANK0  0000A7
efgtoa@e                         cstackBANK0  0000AB
efgtoa@f                         cstackBANK0  000095
efgtoa@fp                        cstackBANK0  000093
efgtoa@g                         cstackBANK0  0000BE
efgtoa@h                         cstackBANK0  0000B5
efgtoa@i                         cstackBANK0  0000B3
efgtoa@l                         cstackBANK0  0000B9
efgtoa@m                         cstackBANK0  0000A9
efgtoa@mode                      cstackBANK0  0000A5
efgtoa@n                         cstackBANK0  0000C2
efgtoa@ne                        cstackBANK0  00009C
efgtoa@nmode                     cstackBANK0  0000A6
efgtoa@ou                        cstackBANK0  0000AF
efgtoa@p                         cstackBANK0  00009E
efgtoa@pp                        cstackBANK0  0000A4
efgtoa@sign                      cstackBANK0  0000BD
efgtoa@t                         cstackBANK0  0000A0
efgtoa@u                         cstackBANK0  0000C4
efgtoa@w                         cstackBANK0  0000AD
end_of_initialization            cinit        002D14
floorf@F521                      bssBANK0     0000E2
floorf@e                         cstackBANK0  000087
floorf@m                         cstackBANK0  000083
floorf@u                         cstackBANK0  000089
floorf@x                         cstackBANK0  000079
fputc@c                          cstackBANK0  000060
fputc@fp                         cstackBANK0  000062
fputs@c                          cstackBANK0  00006D
fputs@fp                         cstackBANK0  00006B
fputs@i                          cstackBANK0  00006E
fputs@s                          cstackBANK0  000069
get7SegmentPattern@digit         cstackBANK0  000060
get7SegmentPattern@pattern       cstackBANK0  000061
getHighByte@number               cstackBANK0  000060
getLowByte@number                cstackBANK0  000060
i2EUSART_TransmitChar@data       cstackCOMRAM 000001
i2EUSART_TransmitString@a        cstackCOMRAM 000002
i2EUSART_TransmitString@i        cstackCOMRAM 000006
i2_EUSART_TransmitChar           text58       003204
i2_EUSART_TransmitString         text57       002BAE
i2___flmul                       text55       00128A
i2___flmul@a                     cstackCOMRAM 000005
i2___flmul@aexp                  cstackCOMRAM 000012
i2___flmul@b                     cstackCOMRAM 000001
i2___flmul@bexp                  cstackCOMRAM 000013
i2___flmul@grs                   cstackCOMRAM 00000E
i2___flmul@prod                  cstackCOMRAM 000014
i2___flmul@sign                  cstackCOMRAM 00000D
i2___flmul@temp                  cstackCOMRAM 000018
i2___fltol                       text54       0026BA
i2___fltol@exp1                  cstackCOMRAM 000023
i2___fltol@f1                    cstackCOMRAM 00001A
i2___fltol@sign1                 cstackCOMRAM 000022
i2___lwdiv                       text53       002D74
i2___lwdiv@counter               cstackCOMRAM 000007
i2___lwdiv@dividend              cstackCOMRAM 000001
i2___lwdiv@divisor               cstackCOMRAM 000003
i2___lwdiv@quotient              cstackCOMRAM 000005
i2___lwmod                       text52       003000
i2___lwmod@counter               cstackCOMRAM 000005
i2___lwmod@dividend              cstackCOMRAM 000001
i2___lwmod@divisor               cstackCOMRAM 000003
i2_adcSampling                   text56       00317E
i2_displayDigits                 text50       002826
i2_get7SegmentPattern            text49       0028D8
i2_setDisplayDigits              text51       001D58
i2_show7Segment                  text48       002FBC
i2displayDigits@digit0           cstackCOMRAM 000005
i2displayDigits@digit1           cstackCOMRAM 000001
i2displayDigits@digit2           cstackCOMRAM 000002
i2displayDigits@i                cstackCOMRAM 000006
i2get7SegmentPattern@digit       cstackCOMRAM 000001
i2get7SegmentPattern@pattern     cstackCOMRAM 000002
int$flags                        temp         00004E
intlevel0                        text         000000
intlevel1                        text         000000
intlevel2                        text         000000
intlevel3                        text         000000
isa$std                          (abs)        000001
isa$xinst                        (abs)        000000
labs@a                           cstackBANK0  000060
memcpy@d                         cstackBANK0  000067
memcpy@d1                        cstackBANK0  000060
memcpy@n                         cstackBANK0  000064
memcpy@s                         cstackBANK0  000069
memcpy@s1                        cstackBANK0  000062
memcpy@tmp                       cstackBANK0  000066
pad@buf                          cstackBANK0  000072
pad@fp                           cstackBANK0  000070
pad@i                            cstackBANK0  000077
pad@p                            cstackBANK0  000074
read_prec_or_width@ap            cstackBANK0  000061
read_prec_or_width@c             cstackBANK0  000065
read_prec_or_width@fmt           cstackBANK0  000060
read_prec_or_width@n             cstackBANK0  000066
sprintf@ap                       cstackBANK1  000150
sprintf@f                        cstackBANK1  000151
sprintf@fmt                      cstackBANK0  0000DB
sprintf@s                        cstackBANK0  0000DA
stackhi                          (abs)        000000
stacklo                          (abs)        000000
start                            init         00019E
start_initialization             cinit        002CD0
strcpy@d                         cstackBANK0  000064
strcpy@dest                      cstackBANK0  000060
strcpy@src                       cstackBANK0  000062
ttemp5                           temp         00004F
ttemp6                           temp         000052
ttemp7                           temp         000056
vfpfcnvrt@ap                     cstackBANK0  0000CB
vfpfcnvrt@c                      cstackBANK0  0000D2
vfpfcnvrt@convarg                cstackBANK0  0000CE
vfpfcnvrt@cp                     cstackBANK0  0000D3
vfpfcnvrt@fmt                    cstackBANK0  0000CA
vfpfcnvrt@fp                     cstackBANK0  0000C8
vfprintf@ap                      cstackBANK0  0000D7
vfprintf@cfmt                    cstackBANK0  0000D9
vfprintf@fmt                     cstackBANK0  0000D6
vfprintf@fp                      cstackBANK0  0000D4
wtemp8                           temp         00004F


MODULE INFORMATION

Module		Function		Class		Link	Load	Size
/opt/microchip/xc8/v2.50/pic/sources/c99/common/xxtofl.c
		___xxtofl      		CODE           	225C	0000	324

/opt/microchip/xc8/v2.50/pic/sources/c99/common/xxtofl.c estimated size: 324

/opt/microchip/xc8/v2.50/pic/sources/c99/common/__fpclassifyf.c
		___fpclassifyf 		CODE           	2472	0000	206

/opt/microchip/xc8/v2.50/pic/sources/c99/common/__fpclassifyf.c estimated size: 206

/opt/microchip/xc8/v2.50/pic/sources/c99/common/nf_fputc.c
		_fputc         		CODE           	2A18	0000	146

/opt/microchip/xc8/v2.50/pic/sources/c99/common/nf_fputc.c estimated size: 146

/opt/microchip/xc8/v2.50/pic/sources/c99/common/flneg.c
		___flneg       		CODE           	30EE	0000	48

/opt/microchip/xc8/v2.50/pic/sources/c99/common/flneg.c estimated size: 48

/opt/microchip/xc8/v2.50/pic/sources/c99/common/doprnt.c
		_read_prec_or_width		CODE           	2986	0000	146
		_vfpfcnvrt     		CODE           	20EE	0000	366
		_efgtoa        		CODE           	0320	0000	2180
		_pad           		CODE           	2C20	0000	92
		_vfprintf      		CODE           	3042	0000	62

/opt/microchip/xc8/v2.50/pic/sources/c99/common/doprnt.c estimated size: 2846

/opt/microchip/xc8/v2.50/pic/sources/c99/common/nf_sprintf.c
		_sprintf       		CODE           	2EF0	0000	68

/opt/microchip/xc8/v2.50/pic/sources/c99/common/nf_sprintf.c estimated size: 68

/opt/microchip/xc8/v2.50/pic/sources/c99/common/fleq.c
		___fleq        		CODE           	2AAA	0000	140

/opt/microchip/xc8/v2.50/pic/sources/c99/common/fleq.c estimated size: 140

/opt/microchip/xc8/v2.50/pic/sources/c99/common/sprcmul.c
		___flmul       		CODE           	0F3A	0000	848

/opt/microchip/xc8/v2.50/pic/sources/c99/common/sprcmul.c estimated size: 848

/opt/microchip/xc8/v2.50/pic/sources/c99/common/sprcdiv.c
		___fldiv       		CODE           	18E2	0000	648

/opt/microchip/xc8/v2.50/pic/sources/c99/common/sprcdiv.c estimated size: 648

/opt/microchip/xc8/v2.50/pic/sources/c99/common/lwmod.c
		___lwmod       		CODE           	2F78	0000	68

/opt/microchip/xc8/v2.50/pic/sources/c99/common/lwmod.c estimated size: 68

/opt/microchip/xc8/v2.50/pic/sources/c99/common/memcpy.c
		_memcpy        		CODE           	2EAA	0000	70

/opt/microchip/xc8/v2.50/pic/sources/c99/common/memcpy.c estimated size: 70

/opt/microchip/xc8/v2.50/pic/sources/c99/common/putch.c
		_putch         		CODE           	3238	0000	2

/opt/microchip/xc8/v2.50/pic/sources/c99/common/putch.c estimated size: 2

shared
		i2_displayDigits		CODE           	2826	0000	178
		i2___lwdiv     		CODE           	2D74	0000	82
		i2_EUSART_TransmitChar		CODE           	3204	0000	12
		i2___lwmod     		CODE           	3000	0000	66
		i2___fltol     		CODE           	26BA	0000	186
		__initialization		CODE           	2CD0	0000	68
		i2___flmul     		CODE           	128A	0000	846
		i2_get7SegmentPattern		CODE           	28D8	0000	174
		i2_setDisplayDigits		CODE           	1D58	0000	476
		i2_show7Segment		CODE           	2FBC	0000	68
		i2_EUSART_TransmitString		CODE           	2BAE	0000	114
		i2_adcSampling 		CODE           	317E	0000	28

shared estimated size: 2298

/opt/microchip/xc8/v2.50/pic/sources/c99/common/labs.c
		_labs          		CODE           	2E16	0000	76

/opt/microchip/xc8/v2.50/pic/sources/c99/common/labs.c estimated size: 76

/opt/microchip/xc8/v2.50/pic/sources/c99/common/nf_fputs.c
		_fputs         		CODE           	3080	0000	60

/opt/microchip/xc8/v2.50/pic/sources/c99/common/nf_fputs.c estimated size: 60

/opt/microchip/xc8/v2.50/pic/sources/c99/common/floorf.c
		_floorf        		CODE           	1F34	0000	442

/opt/microchip/xc8/v2.50/pic/sources/c99/common/floorf.c estimated size: 442

/opt/microchip/xc8/v2.50/pic/sources/c99/common/sprcadd.c
		___flsub       		CODE           	2E62	0000	72
		___fladd       		CODE           	15D8	0000	778

/opt/microchip/xc8/v2.50/pic/sources/c99/common/sprcadd.c estimated size: 850

/opt/microchip/xc8/v2.50/pic/sources/c99/common/lwdiv.c
		___lwdiv       		CODE           	2C7C	0000	84

/opt/microchip/xc8/v2.50/pic/sources/c99/common/lwdiv.c estimated size: 84

main.c
		_setupEUSART   		CODE           	3142	0000	32
		_show7Segment  		CODE           	2F34	0000	68
		_I2CStop       		CODE           	3210	0000	8
		_ISR           		CODE           	0008	0000	406
		_setDisplayDigits		CODE           	1B6A	0000	494
		_EUSART_TransmitChar		CODE           	31EA	0000	14
		_EEPROMRead    		CODE           	2DC6	0000	80
		_main          		CODE           	0BA4	0000	918
		_setupI2C      		CODE           	31B4	0000	18
		_displayDigits 		CODE           	2540	0000	190
		_getLowByte    		CODE           	3228	0000	6
		_I2CRead       		CODE           	311E	0000	36
		_EUSART_TransmitString		CODE           	2B36	0000	120
		_getHighByte   		CODE           	322E	0000	6
		_I2CRestart    		CODE           	3220	0000	8
		_get7SegmentPattern		CODE           	2774	0000	178
		_I2CStart      		CODE           	3218	0000	8
		_EEPROMWrite   		CODE           	2D22	0000	82
		_I2CWrite      		CODE           	31D8	0000	18
		_setButtonInterrupt		CODE           	31C6	0000	18
		_adcSampling   		CODE           	3162	0000	28
		_setupADC      		CODE           	31F8	0000	12
		_setupTimer1   		CODE           	319A	0000	26

main.c estimated size: 2774

/opt/microchip/xc8/v2.50/pic/sources/c99/common/strcpy.c
		_strcpy        		CODE           	30BC	0000	50

/opt/microchip/xc8/v2.50/pic/sources/c99/common/strcpy.c estimated size: 50

/opt/microchip/xc8/v2.50/pic/sources/c99/common/flge.c
		___flge        		CODE           	23A0	0000	210

/opt/microchip/xc8/v2.50/pic/sources/c99/common/flge.c estimated size: 210

/opt/microchip/xc8/v2.50/pic/sources/c99/common/fltol.c
		___fltol       		CODE           	25FE	0000	188

/opt/microchip/xc8/v2.50/pic/sources/c99/common/fltol.c estimated size: 188

